<html>
<body>
<pre>
<h1>µVision Build Log</h1>
<h2>Tool Versions:</h2>
IDE-Version: µVision V5.32.0.0
Copyright (C) 2020 ARM Ltd and ARM Germany GmbH. All rights reserved.
License Information: Norbert Norbert, AGH, LIC=----
 
Tool Versions:
Toolchain:       MDK-Lite  Version: 5.32.0.0
Toolchain Path:  C:\Keil_v5\ARM\ARMCLANG\Bin
C Compiler:      ArmClang.exe V6.14.1
Assembler:       Armasm.exe V6.14.1
Linker/Locator:  ArmLink.exe V6.14.1
Library Manager: ArmAr.exe V6.14.1
Hex Converter:   FromElf.exe V6.14.1
CPU DLL:         SARMCM3.DLL V5.32.0.0
Dialog DLL:      DARMCM1.DLL V1.19.4.0
Target DLL:      Segger\JL2CM3.dll V2.99.38.0
Dialog DLL:      TARMCM1.DLL V1.14.3.0
 
<h2>Project:</h2>
C:\Users\Norbert\Desktop\Calculator\calculator.uvprojx
Project File Date:  12/28/2020

<h2>Output:</h2>
*** Using Compiler 'V6.14.1', folder: 'C:\Keil_v5\ARM\ARMCLANG\Bin'
Build target 'Target 1'
main.c(3): warning: In file included from...
./keypad.h(12): warning: no newline at end of file [-Wnewline-eof]
#endif
      ^
main.c(14): warning: no previous extern declaration for non-static variable 'input' [-Wmissing-variable-declarations]
char input = ' ';
     ^
main.c(14): note: declare 'static' if the variable is not intended to be used outside of this translation unit
char input = ' ';
^
main.c(15): warning: no previous extern declaration for non-static variable 'i' [-Wmissing-variable-declarations]
int i = -1;
    ^
main.c(15): note: declare 'static' if the variable is not intended to be used outside of this translation unit
int i = -1;
^
main.c(16): warning: no previous extern declaration for non-static variable 'changeValue' [-Wmissing-variable-declarations]
int changeValue = 0;
    ^
main.c(16): note: declare 'static' if the variable is not intended to be used outside of this translation unit
int changeValue = 0;
^
main.c(17): warning: no previous extern declaration for non-static variable 'currentValue' [-Wmissing-variable-declarations]
int64_t currentValue = 0;
        ^
main.c(17): note: declare 'static' if the variable is not intended to be used outside of this translation unit
int64_t currentValue = 0;
^
main.c(18): warning: no previous extern declaration for non-static variable 'savedValue' [-Wmissing-variable-declarations]
int64_t savedValue = 0;
        ^
main.c(18): note: declare 'static' if the variable is not intended to be used outside of this translation unit
int64_t savedValue = 0;
^
main.c(19): warning: no previous extern declaration for non-static variable 'a' [-Wmissing-variable-declarations]
float a = 255.0/6;
      ^
main.c(19): note: declare 'static' if the variable is not intended to be used outside of this translation unit
float a = 255.0/6;
^
main.c(49): warning: unused variable 'operation' [-Wunused-variable]
        char operation;
             ^
8 warnings generated.
compiling main.c...
linking...
Program Size: Code=3748 RO-data=516 RW-data=28 ZI-data=888  
".\Objects\calculator.axf" - 0 Error(s), 8 Warning(s).

<h2>Software Packages used:</h2>

Package Vendor: ARM
                http://www.keil.com/pack/ARM.CMSIS.5.7.0.pack
                ARM.CMSIS.5.7.0
                CMSIS (Cortex Microcontroller Software Interface Standard)
   * Component: CORE Version: 5.4.0

Package Vendor: Keil
                http://www.keil.com/pack/Keil.Kinetis_KLxx_DFP.1.15.0.pack
                Keil.Kinetis_KLxx_DFP.1.15.0
                NXP Kinetis KLxx Series Device Support and Examples
   * Component: Startup Version: 1.0.0

<h2>Collection of Component include folders:</h2>
  .\RTE\_Target_1
  C:\Users\Norbert\AppData\Local\Arm\Packs\ARM\CMSIS\5.7.0\CMSIS\Core\Include
  C:\Users\Norbert\AppData\Local\Arm\Packs\Keil\Kinetis_KLxx_DFP\1.15.0\Device\Include

<h2>Collection of Component Files used:</h2>

   * Component: ARM::CMSIS:CORE:5.4.0

   * Component: Keil::Device:Startup:1.0.0
      Source file:   Device\Source\system_MKL05Z4.c
      Source file:   Device\Source\ARM\startup_MKL05Z4.s
Build Time Elapsed:  00:00:01
</pre>
</body>
</html>
